Archive member included to satisfy reference by file (symbol)

/opt/st/stm32cubeide_1.7.0/plugins/com.st.stm32cube.ide.mcu.externaltools.gnu-tools-for-stm32.9-2020-q2-update.linux64_2.0.0.202105311346/tools/bin/../lib/gcc/arm-none-eabi/9.3.1/../../../../arm-none-eabi/lib/thumb/v7e-m+fp/hard/libc_nano.a(lib_a-errno.o)
                              ./Core/Src/syscalls.o (__errno)
/opt/st/stm32cubeide_1.7.0/plugins/com.st.stm32cube.ide.mcu.externaltools.gnu-tools-for-stm32.9-2020-q2-update.linux64_2.0.0.202105311346/tools/bin/../lib/gcc/arm-none-eabi/9.3.1/../../../../arm-none-eabi/lib/thumb/v7e-m+fp/hard/libc_nano.a(lib_a-exit.o)
                              /opt/st/stm32cubeide_1.7.0/plugins/com.st.stm32cube.ide.mcu.externaltools.gnu-tools-for-stm32.9-2020-q2-update.linux64_2.0.0.202105311346/tools/bin/../lib/gcc/arm-none-eabi/9.3.1/../../../../arm-none-eabi/lib/thumb/v7e-m+fp/hard/crt0.o (exit)
/opt/st/stm32cubeide_1.7.0/plugins/com.st.stm32cube.ide.mcu.externaltools.gnu-tools-for-stm32.9-2020-q2-update.linux64_2.0.0.202105311346/tools/bin/../lib/gcc/arm-none-eabi/9.3.1/../../../../arm-none-eabi/lib/thumb/v7e-m+fp/hard/libc_nano.a(lib_a-impure.o)
                              /opt/st/stm32cubeide_1.7.0/plugins/com.st.stm32cube.ide.mcu.externaltools.gnu-tools-for-stm32.9-2020-q2-update.linux64_2.0.0.202105311346/tools/bin/../lib/gcc/arm-none-eabi/9.3.1/../../../../arm-none-eabi/lib/thumb/v7e-m+fp/hard/libc_nano.a(lib_a-exit.o) (_global_impure_ptr)
/opt/st/stm32cubeide_1.7.0/plugins/com.st.stm32cube.ide.mcu.externaltools.gnu-tools-for-stm32.9-2020-q2-update.linux64_2.0.0.202105311346/tools/bin/../lib/gcc/arm-none-eabi/9.3.1/../../../../arm-none-eabi/lib/thumb/v7e-m+fp/hard/libc_nano.a(lib_a-init.o)
                              /opt/st/stm32cubeide_1.7.0/plugins/com.st.stm32cube.ide.mcu.externaltools.gnu-tools-for-stm32.9-2020-q2-update.linux64_2.0.0.202105311346/tools/bin/../lib/gcc/arm-none-eabi/9.3.1/../../../../arm-none-eabi/lib/thumb/v7e-m+fp/hard/crt0.o (__libc_init_array)
/opt/st/stm32cubeide_1.7.0/plugins/com.st.stm32cube.ide.mcu.externaltools.gnu-tools-for-stm32.9-2020-q2-update.linux64_2.0.0.202105311346/tools/bin/../lib/gcc/arm-none-eabi/9.3.1/../../../../arm-none-eabi/lib/thumb/v7e-m+fp/hard/libc_nano.a(lib_a-memset.o)
                              /opt/st/stm32cubeide_1.7.0/plugins/com.st.stm32cube.ide.mcu.externaltools.gnu-tools-for-stm32.9-2020-q2-update.linux64_2.0.0.202105311346/tools/bin/../lib/gcc/arm-none-eabi/9.3.1/../../../../arm-none-eabi/lib/thumb/v7e-m+fp/hard/crt0.o (memset)
/opt/st/stm32cubeide_1.7.0/plugins/com.st.stm32cube.ide.mcu.externaltools.gnu-tools-for-stm32.9-2020-q2-update.linux64_2.0.0.202105311346/tools/bin/../lib/gcc/arm-none-eabi/9.3.1/thumb/v7e-m+fp/hard/libgcc.a(_aeabi_uldivmod.o)
                              ./Drivers/STM32F4xx_HAL_Driver/Src/stm32f4xx_hal_rcc.o (__aeabi_uldivmod)
/opt/st/stm32cubeide_1.7.0/plugins/com.st.stm32cube.ide.mcu.externaltools.gnu-tools-for-stm32.9-2020-q2-update.linux64_2.0.0.202105311346/tools/bin/../lib/gcc/arm-none-eabi/9.3.1/thumb/v7e-m+fp/hard/libgcc.a(_udivmoddi4.o)
                              /opt/st/stm32cubeide_1.7.0/plugins/com.st.stm32cube.ide.mcu.externaltools.gnu-tools-for-stm32.9-2020-q2-update.linux64_2.0.0.202105311346/tools/bin/../lib/gcc/arm-none-eabi/9.3.1/thumb/v7e-m+fp/hard/libgcc.a(_aeabi_uldivmod.o) (__udivmoddi4)
/opt/st/stm32cubeide_1.7.0/plugins/com.st.stm32cube.ide.mcu.externaltools.gnu-tools-for-stm32.9-2020-q2-update.linux64_2.0.0.202105311346/tools/bin/../lib/gcc/arm-none-eabi/9.3.1/thumb/v7e-m+fp/hard/libgcc.a(_dvmd_tls.o)
                              /opt/st/stm32cubeide_1.7.0/plugins/com.st.stm32cube.ide.mcu.externaltools.gnu-tools-for-stm32.9-2020-q2-update.linux64_2.0.0.202105311346/tools/bin/../lib/gcc/arm-none-eabi/9.3.1/thumb/v7e-m+fp/hard/libgcc.a(_aeabi_uldivmod.o) (__aeabi_ldiv0)

Allocating common symbols
Common symbol       size              file

uwTick              0x4               ./Drivers/STM32F4xx_HAL_Driver/Src/stm32f4xx_hal.o
pFlash              0x20              ./Drivers/STM32F4xx_HAL_Driver/Src/stm32f4xx_hal_flash.o

Discarded input sections

 .text          0x0000000000000000        0x0 /opt/st/stm32cubeide_1.7.0/plugins/com.st.stm32cube.ide.mcu.externaltools.gnu-tools-for-stm32.9-2020-q2-update.linux64_2.0.0.202105311346/tools/bin/../lib/gcc/arm-none-eabi/9.3.1/thumb/v7e-m+fp/hard/crti.o
 .data          0x0000000000000000        0x0 /opt/st/stm32cubeide_1.7.0/plugins/com.st.stm32cube.ide.mcu.externaltools.gnu-tools-for-stm32.9-2020-q2-update.linux64_2.0.0.202105311346/tools/bin/../lib/gcc/arm-none-eabi/9.3.1/thumb/v7e-m+fp/hard/crti.o
 .bss           0x0000000000000000        0x0 /opt/st/stm32cubeide_1.7.0/plugins/com.st.stm32cube.ide.mcu.externaltools.gnu-tools-for-stm32.9-2020-q2-update.linux64_2.0.0.202105311346/tools/bin/../lib/gcc/arm-none-eabi/9.3.1/thumb/v7e-m+fp/hard/crti.o
[...]
Memory Configuration

Name             Origin             Length             Attributes
RAM              0x0000000020000000 0x0000000000020000 xrw
FLASH            0x0000000008000000 0x0000000000080000 xr
*default*        0x0000000000000000 0xffffffffffffffff

Linker script and memory map

LOAD /opt/st/stm32cubeide_1.7.0/plugins/com.st.stm32cube.ide.mcu.externaltools.gnu-tools-for-stm32.9-2020-q2-update.linux64_2.0.0.202105311346/tools/bin/../lib/gcc/arm-none-eabi/9.3.1/thumb/v7e-m+fp/hard/crti.o
LOAD /opt/st/stm32cubeide_1.7.0/plugins/com.st.stm32cube.ide.mcu.externaltools.gnu-tools-for-stm32.9-2020-q2-update.linux64_2.0.0.202105311346/tools/bin/../lib/gcc/arm-none-eabi/9.3.1/thumb/v7e-m+fp/hard/crtbegin.o
LOAD /opt/st/stm32cubeide_1.7.0/plugins/com.st.stm32cube.ide.mcu.externaltools.gnu-tools-for-stm32.9-2020-q2-update.linux64_2.0.0.202105311346/tools/bin/../lib/gcc/arm-none-eabi/9.3.1/../../../../arm-none-eabi/lib/thumb/v7e-m+fp/hard/crt0.o
LOAD ./Core/Src/main.o
LOAD ./Core/Src/stm32f4xx_hal_msp.o
LOAD ./Core/Src/stm32f4xx_it.o
LOAD ./Core/Src/syscalls.o
LOAD ./Core/Src/sysmem.o
LOAD ./Core/Src/system_stm32f4xx.o
LOAD ./Core/Startup/startup_stm32f411vetx.o
LOAD ./Drivers/STM32F4xx_HAL_Driver/Src/stm32f4xx_hal.o
LOAD ./Drivers/STM32F4xx_HAL_Driver/Src/stm32f4xx_hal_cortex.o
LOAD ./Drivers/STM32F4xx_HAL_Driver/Src/stm32f4xx_hal_dma.o
LOAD ./Drivers/STM32F4xx_HAL_Driver/Src/stm32f4xx_hal_dma_ex.o
LOAD ./Drivers/STM32F4xx_HAL_Driver/Src/stm32f4xx_hal_exti.o
LOAD ./Drivers/STM32F4xx_HAL_Driver/Src/stm32f4xx_hal_flash.o
LOAD ./Drivers/STM32F4xx_HAL_Driver/Src/stm32f4xx_hal_flash_ex.o
LOAD ./Drivers/STM32F4xx_HAL_Driver/Src/stm32f4xx_hal_flash_ramfunc.o
LOAD ./Drivers/STM32F4xx_HAL_Driver/Src/stm32f4xx_hal_gpio.o
LOAD ./Drivers/STM32F4xx_HAL_Driver/Src/stm32f4xx_hal_i2c.o
LOAD ./Drivers/STM32F4xx_HAL_Driver/Src/stm32f4xx_hal_i2c_ex.o
LOAD ./Drivers/STM32F4xx_HAL_Driver/Src/stm32f4xx_hal_pwr.o
LOAD ./Drivers/STM32F4xx_HAL_Driver/Src/stm32f4xx_hal_pwr_ex.o
LOAD ./Drivers/STM32F4xx_HAL_Driver/Src/stm32f4xx_hal_rcc.o
LOAD ./Drivers/STM32F4xx_HAL_Driver/Src/stm32f4xx_hal_rcc_ex.o
LOAD ./Drivers/STM32F4xx_HAL_Driver/Src/stm32f4xx_hal_tim.o
LOAD ./Drivers/STM32F4xx_HAL_Driver/Src/stm32f4xx_hal_tim_ex.o
LOAD ./Drivers/STM32F4xx_HAL_Driver/Src/stm32f4xx_hal_uart.o
START GROUP
LOAD /opt/st/stm32cubeide_1.7.0/plugins/com.st.stm32cube.ide.mcu.externaltools.gnu-tools-for-stm32.9-2020-q2-update.linux64_2.0.0.202105311346/tools/bin/../lib/gcc/arm-none-eabi/9.3.1/../../../../arm-none-eabi/lib/thumb/v7e-m+fp/hard/libstdc++_nano.a
LOAD /opt/st/stm32cubeide_1.7.0/plugins/com.st.stm32cube.ide.mcu.externaltools.gnu-tools-for-stm32.9-2020-q2-update.linux64_2.0.0.202105311346/tools/bin/../lib/gcc/arm-none-eabi/9.3.1/../../../../arm-none-eabi/lib/thumb/v7e-m+fp/hard/libsupc++_nano.a
END GROUP
LOAD /opt/st/stm32cubeide_1.7.0/plugins/com.st.stm32cube.ide.mcu.externaltools.gnu-tools-for-stm32.9-2020-q2-update.linux64_2.0.0.202105311346/tools/bin/../lib/gcc/arm-none-eabi/9.3.1/../../../../arm-none-eabi/lib/thumb/v7e-m+fp/hard/libstdc++_nano.a
LOAD /opt/st/stm32cubeide_1.7.0/plugins/com.st.stm32cube.ide.mcu.externaltools.gnu-tools-for-stm32.9-2020-q2-update.linux64_2.0.0.202105311346/tools/bin/../lib/gcc/arm-none-eabi/9.3.1/../../../../arm-none-eabi/lib/thumb/v7e-m+fp/hard/libm.a
LOAD /opt/st/stm32cubeide_1.7.0/plugins/com.st.stm32cube.ide.mcu.externaltools.gnu-tools-for-stm32.9-2020-q2-update.linux64_2.0.0.202105311346/tools/bin/../lib/gcc/arm-none-eabi/9.3.1/../../../../arm-none-eabi/lib/thumb/v7e-m+fp/hard/libc_nano.a
START GROUP
LOAD /opt/st/stm32cubeide_1.7.0/plugins/com.st.stm32cube.ide.mcu.externaltools.gnu-tools-for-stm32.9-2020-q2-update.linux64_2.0.0.202105311346/tools/bin/../lib/gcc/arm-none-eabi/9.3.1/thumb/v7e-m+fp/hard/libgcc.a
LOAD /opt/st/stm32cubeide_1.7.0/plugins/com.st.stm32cube.ide.mcu.externaltools.gnu-tools-for-stm32.9-2020-q2-update.linux64_2.0.0.202105311346/tools/bin/../lib/gcc/arm-none-eabi/9.3.1/../../../../arm-none-eabi/lib/thumb/v7e-m+fp/hard/libc_nano.a
END GROUP
START GROUP
LOAD /opt/st/stm32cubeide_1.7.0/plugins/com.st.stm32cube.ide.mcu.externaltools.gnu-tools-for-stm32.9-2020-q2-update.linux64_2.0.0.202105311346/tools/bin/../lib/gcc/arm-none-eabi/9.3.1/thumb/v7e-m+fp/hard/libgcc.a
LOAD /opt/st/stm32cubeide_1.7.0/plugins/com.st.stm32cube.ide.mcu.externaltools.gnu-tools-for-stm32.9-2020-q2-update.linux64_2.0.0.202105311346/tools/bin/../lib/gcc/arm-none-eabi/9.3.1/../../../../arm-none-eabi/lib/thumb/v7e-m+fp/hard/libc_nano.a
LOAD /opt/st/stm32cubeide_1.7.0/plugins/com.st.stm32cube.ide.mcu.externaltools.gnu-tools-for-stm32.9-2020-q2-update.linux64_2.0.0.202105311346/tools/bin/../lib/gcc/arm-none-eabi/9.3.1/../../../../arm-none-eabi/lib/thumb/v7e-m+fp/hard/libnosys.a
END GROUP
START GROUP
LOAD /opt/st/stm32cubeide_1.7.0/plugins/com.st.stm32cube.ide.mcu.externaltools.gnu-tools-for-stm32.9-2020-q2-update.linux64_2.0.0.202105311346/tools/bin/../lib/gcc/arm-none-eabi/9.3.1/thumb/v7e-m+fp/hard/libgcc.a
LOAD /opt/st/stm32cubeide_1.7.0/plugins/com.st.stm32cube.ide.mcu.externaltools.gnu-tools-for-stm32.9-2020-q2-update.linux64_2.0.0.202105311346/tools/bin/../lib/gcc/arm-none-eabi/9.3.1/../../../../arm-none-eabi/lib/thumb/v7e-m+fp/hard/libc_nano.a
LOAD /opt/st/stm32cubeide_1.7.0/plugins/com.st.stm32cube.ide.mcu.externaltools.gnu-tools-for-stm32.9-2020-q2-update.linux64_2.0.0.202105311346/tools/bin/../lib/gcc/arm-none-eabi/9.3.1/../../../../arm-none-eabi/lib/thumb/v7e-m+fp/hard/libnosys.a
END GROUP
LOAD /opt/st/stm32cubeide_1.7.0/plugins/com.st.stm32cube.ide.mcu.externaltools.gnu-tools-for-stm32.9-2020-q2-update.linux64_2.0.0.202105311346/tools/bin/../lib/gcc/arm-none-eabi/9.3.1/thumb/v7e-m+fp/hard/crtend.o
LOAD /opt/st/stm32cubeide_1.7.0/plugins/com.st.stm32cube.ide.mcu.externaltools.gnu-tools-for-stm32.9-2020-q2-update.linux64_2.0.0.202105311346/tools/bin/../lib/gcc/arm-none-eabi/9.3.1/thumb/v7e-m+fp/hard/crtn.o
                0x0000000020020000                _estack = (ORIGIN (RAM) + LENGTH (RAM))
                0x0000000000000200                _Min_Heap_Size = 0x200
                0x0000000000000400                _Min_Stack_Size = 0x400

.isr_vector     0x0000000008000000      0x198
                0x0000000008000000                . = ALIGN (0x4)
 *(.isr_vector)
 .isr_vector    0x0000000008000000      0x198 ./Core/Startup/startup_stm32f411vetx.o
                0x0000000008000000                g_pfnVectors
                0x0000000008000198                . = ALIGN (0x4)

.text           0x0000000008000198     0x58ac
                0x0000000008000198                . = ALIGN (0x4)
 *(.text)
 .text          0x0000000008000198       0x40 /opt/st/stm32cubeide_1.7.0/plugins/com.st.stm32cube.ide.mcu.externaltools.gnu-tools-for-stm32.9-2020-q2-update.linux64_2.0.0.202105311346/tools/bin/../lib/gcc/arm-none-eabi/9.3.1/thumb/v7e-m+fp/hard/crtbegin.o
 .text          0x00000000080001d8       0x30 /opt/st/stm32cubeide_1.7.0/plugins/com.st.stm32cube.ide.mcu.externaltools.gnu-tools-for-stm32.9-2020-q2-update.linux64_2.0.0.202105311346/tools/bin/../lib/gcc/arm-none-eabi/9.3.1/thumb/v7e-m+fp/hard/libgcc.a(_aeabi_uldivmod.o)
                0x00000000080001d8                __aeabi_uldivmod
 .text          0x0000000008000208      0x2c4 /opt/st/stm32cubeide_1.7.0/plugins/com.st.stm32cube.ide.mcu.externaltools.gnu-tools-for-stm32.9-2020-q2-update.linux64_2.0.0.202105311346/tools/bin/../lib/gcc/arm-none-eabi/9.3.1/thumb/v7e-m+fp/hard/libgcc.a(_udivmoddi4.o)
                0x0000000008000208                __udivmoddi4
 .text          0x00000000080004cc        0x4 /opt/st/stm32cubeide_1.7.0/plugins/com.st.stm32cube.ide.mcu.externaltools.gnu-tools-for-stm32.9-2020-q2-update.linux64_2.0.0.202105311346/tools/bin/../lib/gcc/arm-none-eabi/9.3.1/thumb/v7e-m+fp/hard/libgcc.a(_dvmd_tls.o)
                0x00000000080004cc                __aeabi_ldiv0
                0x00000000080004cc                __aeabi_idiv0
 *(.text*)
 .text.HAL_TIM_IC_CaptureCallback
                0x00000000080004d0      0x174 ./Core/Src/main.o
                0x00000000080004d0                HAL_TIM_IC_CaptureCallback
 .text._ZN4LocoC2EP17TIM_HandleTypeDefmP12GPIO_TypeDeftS1_mtS3_t
                0x0000000008000644       0x52 ./Core/Src/main.o
                0x0000000008000644                Loco::Loco(TIM_HandleTypeDef*, unsigned long, GPIO_TypeDef*, unsigned short, TIM_HandleTypeDef*, unsigned long, unsigned short, GPIO_TypeDef*, unsigned short)
                0x0000000008000644                Loco::Loco(TIM_HandleTypeDef*, unsigned long, GPIO_TypeDef*, unsigned short, TIM_HandleTypeDef*, unsigned long, unsigned short, GPIO_TypeDef*, unsigned short)
 .text._ZN4Loco7forwardEv
                0x0000000008000696       0xcc ./Core/Src/main.o
                0x0000000008000696                Loco::forward()
 .text._ZN4Loco8backwardEv
                0x0000000008000762       0xcc ./Core/Src/main.o
                0x0000000008000762                Loco::backward()
 .text._ZN4Loco4leftEv
                0x000000000800082e       0xbc ./Core/Src/main.o
                0x000000000800082e                Loco::left()
 .text._ZN4Loco5rightEv
                0x00000000080008ea       0xbc ./Core/Src/main.o
                0x00000000080008ea                Loco::right()
 .text._ZN4Loco4stopEv
                0x00000000080009a6       0xbc ./Core/Src/main.o
                0x00000000080009a6                Loco::stop()
 *fill*         0x0000000008000a62        0x2 
 .text._Z7stepperv
                0x0000000008000a64       0x4c ./Core/Src/main.o
                0x0000000008000a64                stepper()
 .text._Z5servov
                0x0000000008000ab0       0x64 ./Core/Src/main.o
                0x0000000008000ab0                servo()
 .text._Z12passingMotorv
                0x0000000008000b14       0x7c ./Core/Src/main.o
                0x0000000008000b14                passingMotor()
 .text._Z5laserv
                0x0000000008000b90       0x68 ./Core/Src/main.o
                0x0000000008000b90                laser()
 .text.main     0x0000000008000bf8      0x3a8 ./Core/Src/main.o
                0x0000000008000bf8                main
 .text._Z18SystemClock_Configv
                0x0000000008000fa0       0xe4 ./Core/Src/main.o
                0x0000000008000fa0                SystemClock_Config()
 .text._ZL12MX_I2C2_Initv
                0x0000000008001084       0x68 ./Core/Src/main.o
 .text._ZL12MX_TIM1_Initv
                0x00000000080010ec      0x118 ./Core/Src/main.o
 .text._ZL12MX_TIM2_Initv
                0x0000000008001204      0x110 ./Core/Src/main.o
 .text._ZL12MX_TIM3_Initv
                0x0000000008001314       0xd0 ./Core/Src/main.o
 .text._ZL12MX_TIM4_Initv
                0x00000000080013e4      0x130 ./Core/Src/main.o
 .text._ZL12MX_TIM5_Initv
                0x0000000008001514      0x160 ./Core/Src/main.o
 .text._ZL12MX_TIM9_Initv
                0x0000000008001674       0x88 ./Core/Src/main.o
 .text._ZL13MX_TIM10_Initv
                0x00000000080016fc       0xbc ./Core/Src/main.o
 .text._ZL19MX_USART1_UART_Initv
                0x00000000080017b8       0x5c ./Core/Src/main.o
 .text._ZL11MX_DMA_Initv
                0x0000000008001814       0x40 ./Core/Src/main.o
 .text._ZL12MX_GPIO_Initv
                0x0000000008001854      0x1a4 ./Core/Src/main.o
 .text.HAL_TIM_PeriodElapsedCallback
                0x00000000080019f8       0x9c ./Core/Src/main.o
                0x00000000080019f8                HAL_TIM_PeriodElapsedCallback
 .text.Error_Handler
                0x0000000008001a94        0xa ./Core/Src/main.o
                0x0000000008001a94                Error_Handler
 *fill*         0x0000000008001a9e        0x2 
 .text.HAL_MspInit
                0x0000000008001aa0       0x50 ./Core/Src/stm32f4xx_hal_msp.o
                0x0000000008001aa0                HAL_MspInit
 .text.HAL_I2C_MspInit
                0x0000000008001af0       0xb0 ./Core/Src/stm32f4xx_hal_msp.o
                0x0000000008001af0                HAL_I2C_MspInit
 .text.HAL_TIM_Base_MspInit
                0x0000000008001ba0      0x1ec ./Core/Src/stm32f4xx_hal_msp.o
                0x0000000008001ba0                HAL_TIM_Base_MspInit
 .text.HAL_TIM_PWM_MspInit
                0x0000000008001d8c       0x7c ./Core/Src/stm32f4xx_hal_msp.o
                0x0000000008001d8c                HAL_TIM_PWM_MspInit
 .text.HAL_TIM_MspPostInit
                0x0000000008001e08      0x1a0 ./Core/Src/stm32f4xx_hal_msp.o
                0x0000000008001e08                HAL_TIM_MspPostInit
 .text.HAL_UART_MspInit
                0x0000000008001fa8       0xf8 ./Core/Src/stm32f4xx_hal_msp.o
                0x0000000008001fa8                HAL_UART_MspInit
 .text.NMI_Handler
                0x00000000080020a0        0x6 ./Core/Src/stm32f4xx_it.o
                0x00000000080020a0                NMI_Handler
 .text.HardFault_Handler
                0x00000000080020a6        0x6 ./Core/Src/stm32f4xx_it.o
                0x00000000080020a6                HardFault_Handler
 .text.MemManage_Handler
                0x00000000080020ac        0x6 ./Core/Src/stm32f4xx_it.o
                0x00000000080020ac                MemManage_Handler
 .text.BusFault_Handler
                0x00000000080020b2        0x6 ./Core/Src/stm32f4xx_it.o
                0x00000000080020b2                BusFault_Handler
 .text.UsageFault_Handler
                0x00000000080020b8        0x6 ./Core/Src/stm32f4xx_it.o
                0x00000000080020b8                UsageFault_Handler
 .text.SVC_Handler
                0x00000000080020be        0xe ./Core/Src/stm32f4xx_it.o
                0x00000000080020be                SVC_Handler
 .text.DebugMon_Handler
                0x00000000080020cc        0xe ./Core/Src/stm32f4xx_it.o
                0x00000000080020cc                DebugMon_Handler
 .text.PendSV_Handler
                0x00000000080020da        0xe ./Core/Src/stm32f4xx_it.o
                0x00000000080020da                PendSV_Handler
 .text.SysTick_Handler
                0x00000000080020e8        0xc ./Core/Src/stm32f4xx_it.o
                0x00000000080020e8                SysTick_Handler
 .text.TIM1_BRK_TIM9_IRQHandler
                0x00000000080020f4       0x1c ./Core/Src/stm32f4xx_it.o
                0x00000000080020f4                TIM1_BRK_TIM9_IRQHandler
 .text.TIM1_UP_TIM10_IRQHandler
                0x0000000008002110       0x1c ./Core/Src/stm32f4xx_it.o
                0x0000000008002110                TIM1_UP_TIM10_IRQHandler
 .text.TIM1_CC_IRQHandler
                0x000000000800212c       0x14 ./Core/Src/stm32f4xx_it.o
                0x000000000800212c                TIM1_CC_IRQHandler
 .text.TIM2_IRQHandler
                0x0000000008002140       0x14 ./Core/Src/stm32f4xx_it.o
                0x0000000008002140                TIM2_IRQHandler
 .text.TIM4_IRQHandler
                0x0000000008002154       0x14 ./Core/Src/stm32f4xx_it.o
                0x0000000008002154                TIM4_IRQHandler
 .text.TIM5_IRQHandler
                0x0000000008002168       0x14 ./Core/Src/stm32f4xx_it.o
                0x0000000008002168                TIM5_IRQHandler
 .text.DMA2_Stream2_IRQHandler
                0x000000000800217c       0x14 ./Core/Src/stm32f4xx_it.o
                0x000000000800217c                DMA2_Stream2_IRQHandler
 .text.SystemInit
                0x0000000008002190       0x24 ./Core/Src/system_stm32f4xx.o
                0x0000000008002190                SystemInit
 .text.Reset_Handler
                0x00000000080021b4       0x50 ./Core/Startup/startup_stm32f411vetx.o
                0x00000000080021b4                Reset_Handler
 .text.Default_Handler
                0x0000000008002204        0x2 ./Core/Startup/startup_stm32f411vetx.o
                0x0000000008002204                RTC_Alarm_IRQHandler
                0x0000000008002204                EXTI2_IRQHandler
                0x0000000008002204                SPI4_IRQHandler
                0x0000000008002204                DMA2_Stream5_IRQHandler
                0x0000000008002204                DMA1_Stream5_IRQHandler
                0x0000000008002204                PVD_IRQHandler
                0x0000000008002204                SDIO_IRQHandler
                0x0000000008002204                TAMP_STAMP_IRQHandler
                0x0000000008002204                EXTI3_IRQHandler
                0x0000000008002204                I2C3_ER_IRQHandler
                0x0000000008002204                EXTI0_IRQHandler
                0x0000000008002204                I2C2_EV_IRQHandler
                0x0000000008002204                DMA1_Stream2_IRQHandler
                0x0000000008002204                FPU_IRQHandler
                0x0000000008002204                SPI1_IRQHandler
                0x0000000008002204                DMA2_Stream3_IRQHandler
                0x0000000008002204                USART6_IRQHandler
                0x0000000008002204                DMA2_Stream0_IRQHandler
                0x0000000008002204                I2C1_EV_IRQHandler
                0x0000000008002204                DMA1_Stream6_IRQHandler
                0x0000000008002204                DMA1_Stream1_IRQHandler
                0x0000000008002204                TIM3_IRQHandler
                0x0000000008002204                RCC_IRQHandler
                0x0000000008002204                Default_Handler
                0x0000000008002204                EXTI15_10_IRQHandler
                0x0000000008002204                ADC_IRQHandler
                0x0000000008002204                DMA1_Stream7_IRQHandler
                0x0000000008002204                SPI5_IRQHandler
                0x0000000008002204                DMA2_Stream7_IRQHandler
                0x0000000008002204                I2C3_EV_IRQHandler
                0x0000000008002204                EXTI9_5_IRQHandler
                0x0000000008002204                RTC_WKUP_IRQHandler
                0x0000000008002204                SPI2_IRQHandler
                0x0000000008002204                DMA1_Stream0_IRQHandler
                0x0000000008002204                EXTI4_IRQHandler
                0x0000000008002204                WWDG_IRQHandler
                0x0000000008002204                OTG_FS_WKUP_IRQHandler
                0x0000000008002204                TIM1_TRG_COM_TIM11_IRQHandler
                0x0000000008002204                EXTI1_IRQHandler
                0x0000000008002204                USART2_IRQHandler
                0x0000000008002204                I2C2_ER_IRQHandler
                0x0000000008002204                DMA2_Stream1_IRQHandler
                0x0000000008002204                FLASH_IRQHandler
                0x0000000008002204                DMA2_Stream4_IRQHandler
                0x0000000008002204                USART1_IRQHandler
                0x0000000008002204                OTG_FS_IRQHandler
                0x0000000008002204                SPI3_IRQHandler
                0x0000000008002204                DMA1_Stream4_IRQHandler
                0x0000000008002204                I2C1_ER_IRQHandler
                0x0000000008002204                DMA2_Stream6_IRQHandler
                0x0000000008002204                DMA1_Stream3_IRQHandler
 *fill*         0x0000000008002206        0x2 
 .text.HAL_Init
                0x0000000008002208       0x44 ./Drivers/STM32F4xx_HAL_Driver/Src/stm32f4xx_hal.o
                0x0000000008002208                HAL_Init
 .text.HAL_InitTick
                0x000000000800224c       0x60 ./Drivers/STM32F4xx_HAL_Driver/Src/stm32f4xx_hal.o
                0x000000000800224c                HAL_InitTick
 .text.HAL_IncTick
                0x00000000080022ac       0x28 ./Drivers/STM32F4xx_HAL_Driver/Src/stm32f4xx_hal.o
                0x00000000080022ac                HAL_IncTick
 .text.HAL_GetTick
                0x00000000080022d4       0x18 ./Drivers/STM32F4xx_HAL_Driver/Src/stm32f4xx_hal.o
                0x00000000080022d4                HAL_GetTick
 .text.__NVIC_SetPriorityGrouping
                0x00000000080022ec       0x48 ./Drivers/STM32F4xx_HAL_Driver/Src/stm32f4xx_hal_cortex.o
 .text.__NVIC_GetPriorityGrouping
                0x0000000008002334       0x1c ./Drivers/STM32F4xx_HAL_Driver/Src/stm32f4xx_hal_cortex.o
 .text.__NVIC_EnableIRQ
                0x0000000008002350       0x3c ./Drivers/STM32F4xx_HAL_Driver/Src/stm32f4xx_hal_cortex.o
 .text.__NVIC_SetPriority
                0x000000000800238c       0x54 ./Drivers/STM32F4xx_HAL_Driver/Src/stm32f4xx_hal_cortex.o
 .text.NVIC_EncodePriority
                0x00000000080023e0       0x66 ./Drivers/STM32F4xx_HAL_Driver/Src/stm32f4xx_hal_cortex.o
 *fill*         0x0000000008002446        0x2 
 .text.SysTick_Config
                0x0000000008002448       0x44 ./Drivers/STM32F4xx_HAL_Driver/Src/stm32f4xx_hal_cortex.o
 .text.HAL_NVIC_SetPriorityGrouping
                0x000000000800248c       0x16 ./Drivers/STM32F4xx_HAL_Driver/Src/stm32f4xx_hal_cortex.o
                0x000000000800248c                HAL_NVIC_SetPriorityGrouping
 .text.HAL_NVIC_SetPriority
                0x00000000080024a2       0x38 ./Drivers/STM32F4xx_HAL_Driver/Src/stm32f4xx_hal_cortex.o
                0x00000000080024a2                HAL_NVIC_SetPriority
 .text.HAL_NVIC_EnableIRQ
                0x00000000080024da       0x1c ./Drivers/STM32F4xx_HAL_Driver/Src/stm32f4xx_hal_cortex.o
                0x00000000080024da                HAL_NVIC_EnableIRQ
 .text.HAL_SYSTICK_Config
                0x00000000080024f6       0x18 ./Drivers/STM32F4xx_HAL_Driver/Src/stm32f4xx_hal_cortex.o
                0x00000000080024f6                HAL_SYSTICK_Config
 *fill*         0x000000000800250e        0x2 
 .text.HAL_DMA_Init
                0x0000000008002510      0x15c ./Drivers/STM32F4xx_HAL_Driver/Src/stm32f4xx_hal_dma.o
                0x0000000008002510                HAL_DMA_Init
 .text.HAL_DMA_Start_IT
                0x000000000800266c       0xb0 ./Drivers/STM32F4xx_HAL_Driver/Src/stm32f4xx_hal_dma.o
                0x000000000800266c                HAL_DMA_Start_IT
 .text.HAL_DMA_IRQHandler
                0x000000000800271c      0x314 ./Drivers/STM32F4xx_HAL_Driver/Src/stm32f4xx_hal_dma.o
                0x000000000800271c                HAL_DMA_IRQHandler
 .text.DMA_SetConfig
                0x0000000008002a30       0x5c ./Drivers/STM32F4xx_HAL_Driver/Src/stm32f4xx_hal_dma.o
 .text.DMA_CalcBaseAndBitshift
                0x0000000008002a8c       0x6c ./Drivers/STM32F4xx_HAL_Driver/Src/stm32f4xx_hal_dma.o
 .text.DMA_CheckFifoParam
                0x0000000008002af8       0xf8 ./Drivers/STM32F4xx_HAL_Driver/Src/stm32f4xx_hal_dma.o
 .text.HAL_GPIO_Init
                0x0000000008002bf0      0x308 ./Drivers/STM32F4xx_HAL_Driver/Src/stm32f4xx_hal_gpio.o
                0x0000000008002bf0                HAL_GPIO_Init
 .text.HAL_GPIO_ReadPin
                0x0000000008002ef8       0x30 ./Drivers/STM32F4xx_HAL_Driver/Src/stm32f4xx_hal_gpio.o
                0x0000000008002ef8                HAL_GPIO_ReadPin
 .text.HAL_GPIO_WritePin
                0x0000000008002f28       0x32 ./Drivers/STM32F4xx_HAL_Driver/Src/stm32f4xx_hal_gpio.o
                0x0000000008002f28                HAL_GPIO_WritePin
 *fill*         0x0000000008002f5a        0x2 
 .text.HAL_I2C_Init
                0x0000000008002f5c      0x288 ./Drivers/STM32F4xx_HAL_Driver/Src/stm32f4xx_hal_i2c.o
                0x0000000008002f5c                HAL_I2C_Init
 .text.HAL_RCC_OscConfig
                0x00000000080031e4      0x4f0 ./Drivers/STM32F4xx_HAL_Driver/Src/stm32f4xx_hal_rcc.o
                0x00000000080031e4                HAL_RCC_OscConfig
 .text.HAL_RCC_ClockConfig
                0x00000000080036d4      0x1cc ./Drivers/STM32F4xx_HAL_Driver/Src/stm32f4xx_hal_rcc.o
                0x00000000080036d4                HAL_RCC_ClockConfig
 .text.HAL_RCC_GetSysClockFreq
                0x00000000080038a0      0x16c ./Drivers/STM32F4xx_HAL_Driver/Src/stm32f4xx_hal_rcc.o
                0x00000000080038a0                HAL_RCC_GetSysClockFreq
 .text.HAL_RCC_GetHCLKFreq
                0x0000000008003a0c       0x18 ./Drivers/STM32F4xx_HAL_Driver/Src/stm32f4xx_hal_rcc.o
                0x0000000008003a0c                HAL_RCC_GetHCLKFreq
 .text.HAL_RCC_GetPCLK1Freq
                0x0000000008003a24       0x28 ./Drivers/STM32F4xx_HAL_Driver/Src/stm32f4xx_hal_rcc.o
                0x0000000008003a24                HAL_RCC_GetPCLK1Freq
 .text.HAL_RCC_GetPCLK2Freq
                0x0000000008003a4c       0x28 ./Drivers/STM32F4xx_HAL_Driver/Src/stm32f4xx_hal_rcc.o
                0x0000000008003a4c                HAL_RCC_GetPCLK2Freq
 .text.HAL_TIM_Base_Init
                0x0000000008003a74       0x9e ./Drivers/STM32F4xx_HAL_Driver/Src/stm32f4xx_hal_tim.o
                0x0000000008003a74                HAL_TIM_Base_Init
 *fill*         0x0000000008003b12        0x2 
 .text.HAL_TIM_Base_Start_IT
                0x0000000008003b14       0xc4 ./Drivers/STM32F4xx_HAL_Driver/Src/stm32f4xx_hal_tim.o
                0x0000000008003b14                HAL_TIM_Base_Start_IT
 .text.HAL_TIM_PWM_Init
                0x0000000008003bd8       0x9e ./Drivers/STM32F4xx_HAL_Driver/Src/stm32f4xx_hal_tim.o
                0x0000000008003bd8                HAL_TIM_PWM_Init
 *fill*         0x0000000008003c76        0x2 
 .text.HAL_TIM_PWM_Start
                0x0000000008003c78      0x160 ./Drivers/STM32F4xx_HAL_Driver/Src/stm32f4xx_hal_tim.o
                0x0000000008003c78                HAL_TIM_PWM_Start
 .text.HAL_TIM_IC_Init
                0x0000000008003dd8       0x9e ./Drivers/STM32F4xx_HAL_Driver/Src/stm32f4xx_hal_tim.o
                0x0000000008003dd8                HAL_TIM_IC_Init
 .text.HAL_TIM_IC_MspInit
                0x0000000008003e76       0x14 ./Drivers/STM32F4xx_HAL_Driver/Src/stm32f4xx_hal_tim.o
                0x0000000008003e76                HAL_TIM_IC_MspInit
 *fill*         0x0000000008003e8a        0x2 
 .text.HAL_TIM_IC_Start_IT
                0x0000000008003e8c      0x234 ./Drivers/STM32F4xx_HAL_Driver/Src/stm32f4xx_hal_tim.o
                0x0000000008003e8c                HAL_TIM_IC_Start_IT
 .text.HAL_TIM_IRQHandler
                0x00000000080040c0      0x210 ./Drivers/STM32F4xx_HAL_Driver/Src/stm32f4xx_hal_tim.o
                0x00000000080040c0                HAL_TIM_IRQHandler
 .text.HAL_TIM_IC_ConfigChannel
                0x00000000080042d0      0x138 ./Drivers/STM32F4xx_HAL_Driver/Src/stm32f4xx_hal_tim.o
                0x00000000080042d0                HAL_TIM_IC_ConfigChannel
 .text.HAL_TIM_PWM_ConfigChannel
                0x0000000008004408      0x184 ./Drivers/STM32F4xx_HAL_Driver/Src/stm32f4xx_hal_tim.o
                0x0000000008004408                HAL_TIM_PWM_ConfigChannel
 .text.HAL_TIM_ConfigClockSource
                0x000000000800458c      0x18e ./Drivers/STM32F4xx_HAL_Driver/Src/stm32f4xx_hal_tim.o
                0x000000000800458c                HAL_TIM_ConfigClockSource
 *fill*         0x000000000800471a        0x2 
 .text.HAL_TIM_ReadCapturedValue
                0x000000000800471c       0x88 ./Drivers/STM32F4xx_HAL_Driver/Src/stm32f4xx_hal_tim.o
                0x000000000800471c                HAL_TIM_ReadCapturedValue
 .text.HAL_TIM_OC_DelayElapsedCallback
                0x00000000080047a4       0x14 ./Drivers/STM32F4xx_HAL_Driver/Src/stm32f4xx_hal_tim.o
                0x00000000080047a4                HAL_TIM_OC_DelayElapsedCallback
 .text.HAL_TIM_PWM_PulseFinishedCallback
                0x00000000080047b8       0x14 ./Drivers/STM32F4xx_HAL_Driver/Src/stm32f4xx_hal_tim.o
                0x00000000080047b8                HAL_TIM_PWM_PulseFinishedCallback
 .text.HAL_TIM_TriggerCallback
                0x00000000080047cc       0x14 ./Drivers/STM32F4xx_HAL_Driver/Src/stm32f4xx_hal_tim.o
                0x00000000080047cc                HAL_TIM_TriggerCallback
 .text.TIM_Base_SetConfig
                0x00000000080047e0      0x100 ./Drivers/STM32F4xx_HAL_Driver/Src/stm32f4xx_hal_tim.o
                0x00000000080047e0                TIM_Base_SetConfig
 .text.TIM_OC1_SetConfig
                0x00000000080048e0       0xcc ./Drivers/STM32F4xx_HAL_Driver/Src/stm32f4xx_hal_tim.o
 .text.TIM_OC2_SetConfig
                0x00000000080049ac       0xd8 ./Drivers/STM32F4xx_HAL_Driver/Src/stm32f4xx_hal_tim.o
                0x00000000080049ac                TIM_OC2_SetConfig
 .text.TIM_OC3_SetConfig
                0x0000000008004a84       0xd4 ./Drivers/STM32F4xx_HAL_Driver/Src/stm32f4xx_hal_tim.o
 .text.TIM_OC4_SetConfig
                0x0000000008004b58       0xa0 ./Drivers/STM32F4xx_HAL_Driver/Src/stm32f4xx_hal_tim.o
 .text.TIM_TI1_SetConfig
                0x0000000008004bf8       0xd0 ./Drivers/STM32F4xx_HAL_Driver/Src/stm32f4xx_hal_tim.o
                0x0000000008004bf8                TIM_TI1_SetConfig
 .text.TIM_TI1_ConfigInputStage
                0x0000000008004cc8       0x5e ./Drivers/STM32F4xx_HAL_Driver/Src/stm32f4xx_hal_tim.o
 .text.TIM_TI2_SetConfig
                0x0000000008004d26       0x7a ./Drivers/STM32F4xx_HAL_Driver/Src/stm32f4xx_hal_tim.o
 .text.TIM_TI2_ConfigInputStage
                0x0000000008004da0       0x60 ./Drivers/STM32F4xx_HAL_Driver/Src/stm32f4xx_hal_tim.o
 .text.TIM_TI3_SetConfig
                0x0000000008004e00       0x78 ./Drivers/STM32F4xx_HAL_Driver/Src/stm32f4xx_hal_tim.o
 .text.TIM_TI4_SetConfig
                0x0000000008004e78       0x7a ./Drivers/STM32F4xx_HAL_Driver/Src/stm32f4xx_hal_tim.o
 .text.TIM_ITRx_SetConfig
                0x0000000008004ef2       0x36 ./Drivers/STM32F4xx_HAL_Driver/Src/stm32f4xx_hal_tim.o
 .text.TIM_ETR_SetConfig
                0x0000000008004f28       0x40 ./Drivers/STM32F4xx_HAL_Driver/Src/stm32f4xx_hal_tim.o
                0x0000000008004f28                TIM_ETR_SetConfig
 .text.TIM_CCxChannelCmd
                0x0000000008004f68       0x4a ./Drivers/STM32F4xx_HAL_Driver/Src/stm32f4xx_hal_tim.o
                0x0000000008004f68                TIM_CCxChannelCmd
 *fill*         0x0000000008004fb2        0x2 
 .text.HAL_TIMEx_MasterConfigSynchronization
                0x0000000008004fb4       0xdc ./Drivers/STM32F4xx_HAL_Driver/Src/stm32f4xx_hal_tim_ex.o
                0x0000000008004fb4                HAL_TIMEx_MasterConfigSynchronization
 .text.HAL_TIMEx_CommutCallback
                0x0000000008005090       0x14 ./Drivers/STM32F4xx_HAL_Driver/Src/stm32f4xx_hal_tim_ex.o
                0x0000000008005090                HAL_TIMEx_CommutCallback
 .text.HAL_TIMEx_BreakCallback
                0x00000000080050a4       0x14 ./Drivers/STM32F4xx_HAL_Driver/Src/stm32f4xx_hal_tim_ex.o
                0x00000000080050a4                HAL_TIMEx_BreakCallback
 .text.HAL_UART_Init
                0x00000000080050b8       0x9a ./Drivers/STM32F4xx_HAL_Driver/Src/stm32f4xx_hal_uart.o
                0x00000000080050b8                HAL_UART_Init
 .text.HAL_UART_Receive_DMA
                0x0000000008005152       0x60 ./Drivers/STM32F4xx_HAL_Driver/Src/stm32f4xx_hal_uart.o
                0x0000000008005152                HAL_UART_Receive_DMA
 .text.HAL_UART_RxCpltCallback
                0x00000000080051b2       0x14 ./Drivers/STM32F4xx_HAL_Driver/Src/stm32f4xx_hal_uart.o
                0x00000000080051b2                HAL_UART_RxCpltCallback
 .text.HAL_UART_RxHalfCpltCallback
                0x00000000080051c6       0x14 ./Drivers/STM32F4xx_HAL_Driver/Src/stm32f4xx_hal_uart.o
                0x00000000080051c6                HAL_UART_RxHalfCpltCallback
 .text.HAL_UART_ErrorCallback
                0x00000000080051da       0x14 ./Drivers/STM32F4xx_HAL_Driver/Src/stm32f4xx_hal_uart.o
                0x00000000080051da                HAL_UART_ErrorCallback
 .text.HAL_UARTEx_RxEventCallback
                0x00000000080051ee       0x18 ./Drivers/STM32F4xx_HAL_Driver/Src/stm32f4xx_hal_uart.o
                0x00000000080051ee                HAL_UARTEx_RxEventCallback
 .text.UART_DMAReceiveCplt
                0x0000000008005206      0x126 ./Drivers/STM32F4xx_HAL_Driver/Src/stm32f4xx_hal_uart.o
 .text.UART_DMARxHalfCplt
                0x000000000800532c       0x36 ./Drivers/STM32F4xx_HAL_Driver/Src/stm32f4xx_hal_uart.o
 .text.UART_DMAError
                0x0000000008005362       0x94 ./Drivers/STM32F4xx_HAL_Driver/Src/stm32f4xx_hal_uart.o
 *fill*         0x00000000080053f6        0x2 
 .text.UART_Start_Receive_DMA
                0x00000000080053f8      0x134 ./Drivers/STM32F4xx_HAL_Driver/Src/stm32f4xx_hal_uart.o
                0x00000000080053f8                UART_Start_Receive_DMA
 .text.UART_EndTxTransfer
                0x000000000800552c       0x50 ./Drivers/STM32F4xx_HAL_Driver/Src/stm32f4xx_hal_uart.o
 .text.UART_EndRxTransfer
                0x000000000800557c       0xc6 ./Drivers/STM32F4xx_HAL_Driver/Src/stm32f4xx_hal_uart.o
 *fill*         0x0000000008005642        0x2 
 .text.UART_SetConfig
                0x0000000008005644      0x390 ./Drivers/STM32F4xx_HAL_Driver/Src/stm32f4xx_hal_uart.o
 .text.__libc_init_array
                0x00000000080059d4       0x48 /opt/st/stm32cubeide_1.7.0/plugins/com.st.stm32cube.ide.mcu.externaltools.gnu-tools-for-stm32.9-2020-q2-update.linux64_2.0.0.202105311346/tools/bin/../lib/gcc/arm-none-eabi/9.3.1/../../../../arm-none-eabi/lib/thumb/v7e-m+fp/hard/libc_nano.a(lib_a-init.o)
                0x00000000080059d4                __libc_init_array
 .text.memset   0x0000000008005a1c       0x10 /opt/st/stm32cubeide_1.7.0/plugins/com.st.stm32cube.ide.mcu.externaltools.gnu-tools-for-stm32.9-2020-q2-update.linux64_2.0.0.202105311346/tools/bin/../lib/gcc/arm-none-eabi/9.3.1/../../../../arm-none-eabi/lib/thumb/v7e-m+fp/hard/libc_nano.a(lib_a-memset.o)
                0x0000000008005a1c                memset
 *(.glue_7)
 .glue_7        0x0000000008005a2c        0x0 linker stubs
 *(.glue_7t)
 .glue_7t       0x0000000008005a2c        0x0 linker stubs
 *(.eh_frame)
 .eh_frame      0x0000000008005a2c        0x0 /opt/st/stm32cubeide_1.7.0/plugins/com.st.stm32cube.ide.mcu.externaltools.gnu-tools-for-stm32.9-2020-q2-update.linux64_2.0.0.202105311346/tools/bin/../lib/gcc/arm-none-eabi/9.3.1/thumb/v7e-m+fp/hard/crtbegin.o
 *(.init)
 .init          0x0000000008005a2c        0x4 /opt/st/stm32cubeide_1.7.0/plugins/com.st.stm32cube.ide.mcu.externaltools.gnu-tools-for-stm32.9-2020-q2-update.linux64_2.0.0.202105311346/tools/bin/../lib/gcc/arm-none-eabi/9.3.1/thumb/v7e-m+fp/hard/crti.o
                0x0000000008005a2c                _init
 .init          0x0000000008005a30        0x8 /opt/st/stm32cubeide_1.7.0/plugins/com.st.stm32cube.ide.mcu.externaltools.gnu-tools-for-stm32.9-2020-q2-update.linux64_2.0.0.202105311346/tools/bin/../lib/gcc/arm-none-eabi/9.3.1/thumb/v7e-m+fp/hard/crtn.o
 *(.fini)
 .fini          0x0000000008005a38        0x4 /opt/st/stm32cubeide_1.7.0/plugins/com.st.stm32cube.ide.mcu.externaltools.gnu-tools-for-stm32.9-2020-q2-update.linux64_2.0.0.202105311346/tools/bin/../lib/gcc/arm-none-eabi/9.3.1/thumb/v7e-m+fp/hard/crti.o
                0x0000000008005a38                _fini
 .fini          0x0000000008005a3c        0x8 /opt/st/stm32cubeide_1.7.0/plugins/com.st.stm32cube.ide.mcu.externaltools.gnu-tools-for-stm32.9-2020-q2-update.linux64_2.0.0.202105311346/tools/bin/../lib/gcc/arm-none-eabi/9.3.1/thumb/v7e-m+fp/hard/crtn.o
                0x0000000008005a44                . = ALIGN (0x4)
                0x0000000008005a44                _etext = .

.vfp11_veneer   0x0000000008005a44        0x0
 .vfp11_veneer  0x0000000008005a44        0x0 linker stubs

.v4_bx          0x0000000008005a44        0x0
 .v4_bx         0x0000000008005a44        0x0 linker stubs

.iplt           0x0000000008005a44        0x0
 .iplt          0x0000000008005a44        0x0 /opt/st/stm32cubeide_1.7.0/plugins/com.st.stm32cube.ide.mcu.externaltools.gnu-tools-for-stm32.9-2020-q2-update.linux64_2.0.0.202105311346/tools/bin/../lib/gcc/arm-none-eabi/9.3.1/thumb/v7e-m+fp/hard/crtbegin.o

.rodata         0x0000000008005a44       0x20
                0x0000000008005a44                . = ALIGN (0x4)
 *(.rodata)
 *(.rodata*)
 .rodata.AHBPrescTable
                0x0000000008005a44       0x10 ./Core/Src/system_stm32f4xx.o
                0x0000000008005a44                AHBPrescTable
 .rodata.APBPrescTable
                0x0000000008005a54        0x8 ./Core/Src/system_stm32f4xx.o
                0x0000000008005a54                APBPrescTable
 .rodata.flagBitshiftOffset.8403
                0x0000000008005a5c        0x8 ./Drivers/STM32F4xx_HAL_Driver/Src/stm32f4xx_hal_dma.o
                0x0000000008005a64                . = ALIGN (0x4)

.ARM.extab      0x0000000008005a64        0x0
                0x0000000008005a64                . = ALIGN (0x4)
 *(.ARM.extab* .gnu.linkonce.armextab.*)
                0x0000000008005a64                . = ALIGN (0x4)

.ARM            0x0000000008005a64        0x8
                0x0000000008005a64                . = ALIGN (0x4)
                0x0000000008005a64                __exidx_start = .
 *(.ARM.exidx*)
 .ARM.exidx     0x0000000008005a64        0x8 /opt/st/stm32cubeide_1.7.0/plugins/com.st.stm32cube.ide.mcu.externaltools.gnu-tools-for-stm32.9-2020-q2-update.linux64_2.0.0.202105311346/tools/bin/../lib/gcc/arm-none-eabi/9.3.1/thumb/v7e-m+fp/hard/libgcc.a(_udivmoddi4.o)
                0x0000000008005a6c                __exidx_end = .
                0x0000000008005a6c                . = ALIGN (0x4)

.rel.dyn        0x0000000008005a6c        0x0
 .rel.iplt      0x0000000008005a6c        0x0 /opt/st/stm32cubeide_1.7.0/plugins/com.st.stm32cube.ide.mcu.externaltools.gnu-tools-for-stm32.9-2020-q2-update.linux64_2.0.0.202105311346/tools/bin/../lib/gcc/arm-none-eabi/9.3.1/thumb/v7e-m+fp/hard/crtbegin.o

.preinit_array  0x0000000008005a6c        0x0
                0x0000000008005a6c                . = ALIGN (0x4)
                0x0000000008005a6c                PROVIDE (__preinit_array_start = .)
 *(.preinit_array*)
                0x0000000008005a6c                PROVIDE (__preinit_array_end = .)
                0x0000000008005a6c                . = ALIGN (0x4)

.init_array     0x0000000008005a6c        0x4
                0x0000000008005a6c                . = ALIGN (0x4)
                0x0000000008005a6c                PROVIDE (__init_array_start = .)
 *(SORT_BY_NAME(.init_array.*))
 *(.init_array*)
 .init_array    0x0000000008005a6c        0x4 /opt/st/stm32cubeide_1.7.0/plugins/com.st.stm32cube.ide.mcu.externaltools.gnu-tools-for-stm32.9-2020-q2-update.linux64_2.0.0.202105311346/tools/bin/../lib/gcc/arm-none-eabi/9.3.1/thumb/v7e-m+fp/hard/crtbegin.o
                0x0000000008005a70                PROVIDE (__init_array_end = .)
                0x0000000008005a70                . = ALIGN (0x4)

.fini_array     0x0000000008005a70        0x4
                0x0000000008005a70                . = ALIGN (0x4)
                [!provide]                        PROVIDE (__fini_array_start = .)
 *(SORT_BY_NAME(.fini_array.*))
 *(.fini_array*)
 .fini_array    0x0000000008005a70        0x4 /opt/st/stm32cubeide_1.7.0/plugins/com.st.stm32cube.ide.mcu.externaltools.gnu-tools-for-stm32.9-2020-q2-update.linux64_2.0.0.202105311346/tools/bin/../lib/gcc/arm-none-eabi/9.3.1/thumb/v7e-m+fp/hard/crtbegin.o
                [!provide]                        PROVIDE (__fini_array_end = .)
                0x0000000008005a74                . = ALIGN (0x4)
                0x0000000008005a74                _sidata = LOADADDR (.data)

.data           0x0000000020000000       0x10 load address 0x0000000008005a74
                0x0000000020000000                . = ALIGN (0x4)
                0x0000000020000000                _sdata = .
 *(.data)
 *(.data*)
 .data.linearDebounce
                0x0000000020000000        0x4 ./Core/Src/main.o
                0x0000000020000000                linearDebounce
 .data.SystemCoreClock
                0x0000000020000004        0x4 ./Core/Src/system_stm32f4xx.o
                0x0000000020000004                SystemCoreClock
 .data.uwTickPrio
                0x0000000020000008        0x4 ./Drivers/STM32F4xx_HAL_Driver/Src/stm32f4xx_hal.o
                0x0000000020000008                uwTickPrio
 .data.uwTickFreq
                0x000000002000000c        0x1 ./Drivers/STM32F4xx_HAL_Driver/Src/stm32f4xx_hal.o
                0x000000002000000c                uwTickFreq
 *(.RamFunc)
 *(.RamFunc*)
                0x0000000020000010                . = ALIGN (0x4)
 *fill*         0x000000002000000d        0x3 
                0x0000000020000010                _edata = .

.igot.plt       0x0000000020000010        0x0 load address 0x0000000008005a84
 .igot.plt      0x0000000020000010        0x0 /opt/st/stm32cubeide_1.7.0/plugins/com.st.stm32cube.ide.mcu.externaltools.gnu-tools-for-stm32.9-2020-q2-update.linux64_2.0.0.202105311346/tools/bin/../lib/gcc/arm-none-eabi/9.3.1/thumb/v7e-m+fp/hard/crtbegin.o
                0x0000000020000010                . = ALIGN (0x4)

.bss            0x0000000020000010      0x364 load address 0x0000000008005a84
                0x0000000020000010                _sbss = .
                0x0000000020000010                __bss_start__ = _sbss
 *(.bss)
 .bss           0x0000000020000010       0x1c /opt/st/stm32cubeide_1.7.0/plugins/com.st.stm32cube.ide.mcu.externaltools.gnu-tools-for-stm32.9-2020-q2-update.linux64_2.0.0.202105311346/tools/bin/../lib/gcc/arm-none-eabi/9.3.1/thumb/v7e-m+fp/hard/crtbegin.o
 *(.bss*)
 .bss.hi2c2     0x000000002000002c       0x54 ./Core/Src/main.o
                0x000000002000002c                hi2c2
 .bss.htim1     0x0000000020000080       0x48 ./Core/Src/main.o
                0x0000000020000080                htim1
 .bss.htim2     0x00000000200000c8       0x48 ./Core/Src/main.o
                0x00000000200000c8                htim2
 .bss.htim3     0x0000000020000110       0x48 ./Core/Src/main.o
                0x0000000020000110                htim3
 .bss.htim4     0x0000000020000158       0x48 ./Core/Src/main.o
                0x0000000020000158                htim4
 .bss.htim5     0x00000000200001a0       0x48 ./Core/Src/main.o
                0x00000000200001a0                htim5
 .bss.htim9     0x00000000200001e8       0x48 ./Core/Src/main.o
                0x00000000200001e8                htim9
 .bss.htim10    0x0000000020000230       0x48 ./Core/Src/main.o
                0x0000000020000230                htim10
 .bss.huart1    0x0000000020000278       0x44 ./Core/Src/main.o
                0x0000000020000278                huart1
 .bss.hdma_usart1_rx
                0x00000000200002bc       0x60 ./Core/Src/main.o
                0x00000000200002bc                hdma_usart1_rx
 .bss.IC_Value1
                0x000000002000031c        0x4 ./Core/Src/main.o
                0x000000002000031c                IC_Value1
 .bss.IC_Value2
                0x0000000020000320        0x4 ./Core/Src/main.o
                0x0000000020000320                IC_Value2
 .bss.Difference
                0x0000000020000324        0x4 ./Core/Src/main.o
                0x0000000020000324                Difference
 .bss.Frequency
                0x0000000020000328        0x4 ./Core/Src/main.o
                0x0000000020000328                Frequency
 .bss.Is_First_Captured
                0x000000002000032c        0x1 ./Core/Src/main.o
                0x000000002000032c                Is_First_Captured
 *fill*         0x000000002000032d        0x3 
 .bss.IC_Value12
                0x0000000020000330        0x4 ./Core/Src/main.o
                0x0000000020000330                IC_Value12
 .bss.IC_Value22
                0x0000000020000334        0x4 ./Core/Src/main.o
                0x0000000020000334                IC_Value22
 .bss.Difference2
                0x0000000020000338        0x4 ./Core/Src/main.o
                0x0000000020000338                Difference2
 .bss.Frequency2
                0x000000002000033c        0x4 ./Core/Src/main.o
                0x000000002000033c                Frequency2
 .bss.Is_First_Captured2
                0x0000000020000340        0x1 ./Core/Src/main.o
                0x0000000020000340                Is_First_Captured2
 *fill*         0x0000000020000341        0x3 
 .bss.rxData    0x0000000020000344        0x1 ./Core/Src/main.o
                0x0000000020000344                rxData
 *fill*         0x0000000020000345        0x3 
 .bss.start_stepper
                0x0000000020000348        0x4 ./Core/Src/main.o
                0x0000000020000348                start_stepper
 .bss.countServo
                0x000000002000034c        0x4 ./Core/Src/main.o
                0x000000002000034c                countServo
 .bss.debounce  0x0000000020000350        0x4 ./Core/Src/main.o
                0x0000000020000350                debounce
 .bss.stepperCount
                0x0000000020000354        0x4 ./Core/Src/main.o
                0x0000000020000354                stepperCount
 .bss.countBldc
                0x0000000020000358        0x4 ./Core/Src/main.o
                0x0000000020000358                countBldc
 .bss.bldcDebounce
                0x000000002000035c        0x4 ./Core/Src/main.o
                0x000000002000035c                bldcDebounce
 .bss.laserr    0x0000000020000360        0x4 ./Core/Src/main.o
                0x0000000020000360                laserr
 .bss.laserDebounce
                0x0000000020000364        0x4 ./Core/Src/main.o
                0x0000000020000364                laserDebounce
 .bss.passMotor
                0x0000000020000368        0x4 ./Core/Src/main.o
                0x0000000020000368                passMotor
 .bss.passDebounce
                0x000000002000036c        0x4 ./Core/Src/main.o
                0x000000002000036c                passDebounce
 *(COMMON)
 COMMON         0x0000000020000370        0x4 ./Drivers/STM32F4xx_HAL_Driver/Src/stm32f4xx_hal.o
                0x0000000020000370                uwTick
                0x0000000020000374                . = ALIGN (0x4)
                0x0000000020000374                _ebss = .
                0x0000000020000374                __bss_end__ = _ebss

._user_heap_stack
                0x0000000020000374      0x604 load address 0x0000000008005a84
                0x0000000020000378                . = ALIGN (0x8)
 *fill*         0x0000000020000374        0x4 
                [!provide]                        PROVIDE (end = .)
                0x0000000020000378                PROVIDE (_end = .)
                0x0000000020000578                . = (. + _Min_Heap_Size)
 *fill*         0x0000000020000378      0x200 
                0x0000000020000978                . = (. + _Min_Stack_Size)
 *fill*         0x0000000020000578      0x400 
                0x0000000020000978                . = ALIGN (0x8)

/DISCARD/
 libc.a(*)
 libm.a(*)
 libgcc.a(*)

.ARM.attributes
                0x0000000000000000       0x30
 *(.ARM.attributes)
 .ARM.attributes
                0x0000000000000000       0x1e /opt/st/stm32cubeide_1.7.0/plugins/com.st.stm32cube.ide.mcu.externaltools.gnu-tools-for-stm32.9-2020-q2-update.linux64_2.0.0.202105311346/tools/bin/../lib/gcc/arm-none-eabi/9.3.1/thumb/v7e-m+fp/hard/crti.o
 .ARM.attributes
                0x000000000000001e       0x34 /opt/st/stm32cubeide_1.7.0/plugins/com.st.stm32cube.ide.mcu.externaltools.gnu-tools-for-stm32.9-2020-q2-update.linux64_2.0.0.202105311346/tools/bin/../lib/gcc/arm-none-eabi/9.3.1/thumb/v7e-m+fp/hard/crtbegin.o
 .ARM.attributes
                0x0000000000000052       0x34 ./Core/Src/main.o
 .ARM.attributes
                0x0000000000000086       0x34 ./Core/Src/stm32f4xx_hal_msp.o
 .ARM.attributes
                0x00000000000000ba       0x34 ./Core/Src/stm32f4xx_it.o
 .ARM.attributes
                0x00000000000000ee       0x34 ./Core/Src/system_stm32f4xx.o
 .ARM.attributes
                0x0000000000000122       0x21 ./Core/Startup/startup_stm32f411vetx.o
 .ARM.attributes
                0x0000000000000143       0x34 ./Drivers/STM32F4xx_HAL_Driver/Src/stm32f4xx_hal.o
 .ARM.attributes
                0x0000000000000177       0x34 ./Drivers/STM32F4xx_HAL_Driver/Src/stm32f4xx_hal_cortex.o
 .ARM.attributes
                0x00000000000001ab       0x34 ./Drivers/STM32F4xx_HAL_Driver/Src/stm32f4xx_hal_dma.o
 .ARM.attributes
                0x00000000000001df       0x34 ./Drivers/STM32F4xx_HAL_Driver/Src/stm32f4xx_hal_gpio.o
 .ARM.attributes
                0x0000000000000213       0x34 ./Drivers/STM32F4xx_HAL_Driver/Src/stm32f4xx_hal_i2c.o
 .ARM.attributes
                0x0000000000000247       0x34 ./Drivers/STM32F4xx_HAL_Driver/Src/stm32f4xx_hal_rcc.o
 .ARM.attributes
                0x000000000000027b       0x34 ./Drivers/STM32F4xx_HAL_Driver/Src/stm32f4xx_hal_tim.o
 .ARM.attributes
                0x00000000000002af       0x34 ./Drivers/STM32F4xx_HAL_Driver/Src/stm32f4xx_hal_tim_ex.o
 .ARM.attributes
                0x00000000000002e3       0x34 ./Drivers/STM32F4xx_HAL_Driver/Src/stm32f4xx_hal_uart.o
 .ARM.attributes
                0x0000000000000317       0x34 /opt/st/stm32cubeide_1.7.0/plugins/com.st.stm32cube.ide.mcu.externaltools.gnu-tools-for-stm32.9-2020-q2-update.linux64_2.0.0.202105311346/tools/bin/../lib/gcc/arm-none-eabi/9.3.1/../../../../arm-none-eabi/lib/thumb/v7e-m+fp/hard/libc_nano.a(lib_a-init.o)
 .ARM.attributes
                0x000000000000034b       0x34 /opt/st/stm32cubeide_1.7.0/plugins/com.st.stm32cube.ide.mcu.externaltools.gnu-tools-for-stm32.9-2020-q2-update.linux64_2.0.0.202105311346/tools/bin/../lib/gcc/arm-none-eabi/9.3.1/../../../../arm-none-eabi/lib/thumb/v7e-m+fp/hard/libc_nano.a(lib_a-memset.o)
 .ARM.attributes
                0x000000000000037f       0x1e /opt/st/stm32cubeide_1.7.0/plugins/com.st.stm32cube.ide.mcu.externaltools.gnu-tools-for-stm32.9-2020-q2-update.linux64_2.0.0.202105311346/tools/bin/../lib/gcc/arm-none-eabi/9.3.1/thumb/v7e-m+fp/hard/libgcc.a(_aeabi_uldivmod.o)
 .ARM.attributes
                0x000000000000039d       0x34 /opt/st/stm32cubeide_1.7.0/plugins/com.st.stm32cube.ide.mcu.externaltools.gnu-tools-for-stm32.9-2020-q2-update.linux64_2.0.0.202105311346/tools/bin/../lib/gcc/arm-none-eabi/9.3.1/thumb/v7e-m+fp/hard/libgcc.a(_udivmoddi4.o)
 .ARM.attributes
                0x00000000000003d1       0x1e /opt/st/stm32cubeide_1.7.0/plugins/com.st.stm32cube.ide.mcu.externaltools.gnu-tools-for-stm32.9-2020-q2-update.linux64_2.0.0.202105311346/tools/bin/../lib/gcc/arm-none-eabi/9.3.1/thumb/v7e-m+fp/hard/libgcc.a(_dvmd_tls.o)
 .ARM.attributes
                0x00000000000003ef       0x1e /opt/st/stm32cubeide_1.7.0/plugins/com.st.stm32cube.ide.mcu.externaltools.gnu-tools-for-stm32.9-2020-q2-update.linux64_2.0.0.202105311346/tools/bin/../lib/gcc/arm-none-eabi/9.3.1/thumb/v7e-m+fp/hard/crtn.o
OUTPUT(R1_no_PID_final.elf elf32-littlearm)
LOAD linker stubs
LOAD /opt/st/stm32cubeide_1.7.0/plugins/com.st.stm32cube.ide.mcu.externaltools.gnu-tools-for-stm32.9-2020-q2-update.linux64_2.0.0.202105311346/tools/bin/../lib/gcc/arm-none-eabi/9.3.1/../../../../arm-none-eabi/lib/thumb/v7e-m+fp/hard/libc.a
LOAD /opt/st/stm32cubeide_1.7.0/plugins/com.st.stm32cube.ide.mcu.externaltools.gnu-tools-for-stm32.9-2020-q2-update.linux64_2.0.0.202105311346/tools/bin/../lib/gcc/arm-none-eabi/9.3.1/../../../../arm-none-eabi/lib/thumb/v7e-m+fp/hard/libm.a
LOAD /opt/st/stm32cubeide_1.7.0/plugins/com.st.stm32cube.ide.mcu.externaltools.gnu-tools-for-stm32.9-2020-q2-update.linux64_2.0.0.202105311346/tools/bin/../lib/gcc/arm-none-eabi/9.3.1/thumb/v7e-m+fp/hard/libgcc.a

.debug_info     0x0000000000000000    0x1101c
 .debug_info    0x0000000000000000     0x1f10 ./Core/Src/main.o
 .debug_info    0x0000000000001f10     0x14f9 ./Core/Src/stm32f4xx_hal_msp.o
 .debug_info    0x0000000000003409      0x8b0 ./Core/Src/stm32f4xx_it.o
 .debug_info    0x0000000000003cb9      0x5d0 ./Core/Src/system_stm32f4xx.o
 .debug_info    0x0000000000004289       0x22 ./Core/Startup/startup_stm32f411vetx.o
 .debug_info    0x00000000000042ab      0x944 ./Drivers/STM32F4xx_HAL_Driver/Src/stm32f4xx_hal.o
 .debug_info    0x0000000000004bef      0xe47 ./Drivers/STM32F4xx_HAL_Driver/Src/stm32f4xx_hal_cortex.o
 .debug_info    0x0000000000005a36      0x9e9 ./Drivers/STM32F4xx_HAL_Driver/Src/stm32f4xx_hal_dma.o
 .debug_info    0x000000000000641f      0x862 ./Drivers/STM32F4xx_HAL_Driver/Src/stm32f4xx_hal_gpio.o
 .debug_info    0x0000000000006c81     0x2653 ./Drivers/STM32F4xx_HAL_Driver/Src/stm32f4xx_hal_i2c.o
 .debug_info    0x00000000000092d4      0x9be ./Drivers/STM32F4xx_HAL_Driver/Src/stm32f4xx_hal_rcc.o
 .debug_info    0x0000000000009c92     0x2c1a ./Drivers/STM32F4xx_HAL_Driver/Src/stm32f4xx_hal_tim.o
 .debug_info    0x000000000000c8ac     0x159a ./Drivers/STM32F4xx_HAL_Driver/Src/stm32f4xx_hal_tim_ex.o
 .debug_info    0x000000000000de46     0x31d6 ./Drivers/STM32F4xx_HAL_Driver/Src/stm32f4xx_hal_uart.o

.debug_abbrev   0x0000000000000000     0x1f34
 .debug_abbrev  0x0000000000000000      0x3e8 ./Core/Src/main.o
 .debug_abbrev  0x00000000000003e8      0x206 ./Core/Src/stm32f4xx_hal_msp.o
 .debug_abbrev  0x00000000000005ee      0x1a1 ./Core/Src/stm32f4xx_it.o
 .debug_abbrev  0x000000000000078f      0x145 ./Core/Src/system_stm32f4xx.o
 .debug_abbrev  0x00000000000008d4       0x12 ./Core/Startup/startup_stm32f411vetx.o
 .debug_abbrev  0x00000000000008e6      0x21e ./Drivers/STM32F4xx_HAL_Driver/Src/stm32f4xx_hal.o
 .debug_abbrev  0x0000000000000b04      0x33c ./Drivers/STM32F4xx_HAL_Driver/Src/stm32f4xx_hal_cortex.o
 .debug_abbrev  0x0000000000000e40      0x219 ./Drivers/STM32F4xx_HAL_Driver/Src/stm32f4xx_hal_dma.o
 .debug_abbrev  0x0000000000001059      0x1f1 ./Drivers/STM32F4xx_HAL_Driver/Src/stm32f4xx_hal_gpio.o
 .debug_abbrev  0x000000000000124a      0x293 ./Drivers/STM32F4xx_HAL_Driver/Src/stm32f4xx_hal_i2c.o
 .debug_abbrev  0x00000000000014dd      0x275 ./Drivers/STM32F4xx_HAL_Driver/Src/stm32f4xx_hal_rcc.o
 .debug_abbrev  0x0000000000001752      0x26f ./Drivers/STM32F4xx_HAL_Driver/Src/stm32f4xx_hal_tim.o
 .debug_abbrev  0x00000000000019c1      0x277 ./Drivers/STM32F4xx_HAL_Driver/Src/stm32f4xx_hal_tim_ex.o
 .debug_abbrev  0x0000000000001c38      0x2fc ./Drivers/STM32F4xx_HAL_Driver/Src/stm32f4xx_hal_uart.o

.debug_aranges  0x0000000000000000      0xf90
 .debug_aranges
                0x0000000000000000       0xf0 ./Core/Src/main.o
 .debug_aranges
                0x00000000000000f0       0x68 ./Core/Src/stm32f4xx_hal_msp.o
 .debug_aranges
                0x0000000000000158       0x98 ./Core/Src/stm32f4xx_it.o
 .debug_aranges
                0x00000000000001f0       0x28 ./Core/Src/system_stm32f4xx.o
 .debug_aranges
                0x0000000000000218       0x28 ./Core/Startup/startup_stm32f411vetx.o
 .debug_aranges
                0x0000000000000240       0xf0 ./Drivers/STM32F4xx_HAL_Driver/Src/stm32f4xx_hal.o
 .debug_aranges
                0x0000000000000330      0x118 ./Drivers/STM32F4xx_HAL_Driver/Src/stm32f4xx_hal_cortex.o
 .debug_aranges
                0x0000000000000448       0x90 ./Drivers/STM32F4xx_HAL_Driver/Src/stm32f4xx_hal_dma.o
 .debug_aranges
                0x00000000000004d8       0x58 ./Drivers/STM32F4xx_HAL_Driver/Src/stm32f4xx_hal_gpio.o
 .debug_aranges
                0x0000000000000530      0x2a0 ./Drivers/STM32F4xx_HAL_Driver/Src/stm32f4xx_hal_i2c.o
 .debug_aranges
                0x00000000000007d0       0x88 ./Drivers/STM32F4xx_HAL_Driver/Src/stm32f4xx_hal_rcc.o
 .debug_aranges
                0x0000000000000858      0x3d0 ./Drivers/STM32F4xx_HAL_Driver/Src/stm32f4xx_hal_tim.o
 .debug_aranges
                0x0000000000000c28      0x168 ./Drivers/STM32F4xx_HAL_Driver/Src/stm32f4xx_hal_tim_ex.o
 .debug_aranges
                0x0000000000000d90      0x200 ./Drivers/STM32F4xx_HAL_Driver/Src/stm32f4xx_hal_uart.o

.debug_ranges   0x0000000000000000      0xf10
 .debug_ranges  0x0000000000000000       0xe0 ./Core/Src/main.o
 .debug_ranges  0x00000000000000e0       0x58 ./Core/Src/stm32f4xx_hal_msp.o
 .debug_ranges  0x0000000000000138       0x88 ./Core/Src/stm32f4xx_it.o
 .debug_ranges  0x00000000000001c0       0x18 ./Core/Src/system_stm32f4xx.o
 .debug_ranges  0x00000000000001d8       0x20 ./Core/Startup/startup_stm32f411vetx.o
 .debug_ranges  0x00000000000001f8       0xe0 ./Drivers/STM32F4xx_HAL_Driver/Src/stm32f4xx_hal.o
 .debug_ranges  0x00000000000002d8      0x108 ./Drivers/STM32F4xx_HAL_Driver/Src/stm32f4xx_hal_cortex.o
 .debug_ranges  0x00000000000003e0       0x80 ./Drivers/STM32F4xx_HAL_Driver/Src/stm32f4xx_hal_dma.o
 .debug_ranges  0x0000000000000460       0x48 ./Drivers/STM32F4xx_HAL_Driver/Src/stm32f4xx_hal_gpio.o
 .debug_ranges  0x00000000000004a8      0x2b8 ./Drivers/STM32F4xx_HAL_Driver/Src/stm32f4xx_hal_i2c.o
 .debug_ranges  0x0000000000000760       0x78 ./Drivers/STM32F4xx_HAL_Driver/Src/stm32f4xx_hal_rcc.o
 .debug_ranges  0x00000000000007d8      0x3c0 ./Drivers/STM32F4xx_HAL_Driver/Src/stm32f4xx_hal_tim.o
 .debug_ranges  0x0000000000000b98      0x158 ./Drivers/STM32F4xx_HAL_Driver/Src/stm32f4xx_hal_tim_ex.o
 .debug_ranges  0x0000000000000cf0      0x220 ./Drivers/STM32F4xx_HAL_Driver/Src/stm32f4xx_hal_uart.o

.debug_macro    0x0000000000000000    0x17b91
 .debug_macro   0x0000000000000000      0x1fb ./Core/Src/main.o
 .debug_macro   0x00000000000001fb      0xb80 ./Core/Src/main.o
 .debug_macro   0x0000000000000d7b      0x2a1 ./Core/Src/main.o
 .debug_macro   0x000000000000101c       0x2e ./Core/Src/main.o
 .debug_macro   0x000000000000104a       0x28 ./Core/Src/main.o
 .debug_macro   0x0000000000001072       0x1c ./Core/Src/main.o
 .debug_macro   0x000000000000108e       0x22 ./Core/Src/main.o
 .debug_macro   0x00000000000010b0       0x8e ./Core/Src/main.o
 .debug_macro   0x000000000000113e       0x51 ./Core/Src/main.o
 .debug_macro   0x000000000000118f      0x103 ./Core/Src/main.o
 .debug_macro   0x0000000000001292       0x6a ./Core/Src/main.o
 .debug_macro   0x00000000000012fc      0x1df ./Core/Src/main.o
 .debug_macro   0x00000000000014db       0x1c ./Core/Src/main.o
 .debug_macro   0x00000000000014f7       0x22 ./Core/Src/main.o
 .debug_macro   0x0000000000001519       0xdf ./Core/Src/main.o
 .debug_macro   0x00000000000015f8     0x102d ./Core/Src/main.o
 .debug_macro   0x0000000000002625      0x11f ./Core/Src/main.o
 .debug_macro   0x0000000000002744     0xb953 ./Core/Src/main.o
 .debug_macro   0x000000000000e097       0x6d ./Core/Src/main.o
 .debug_macro   0x000000000000e104     0x3666 ./Core/Src/main.o
 .debug_macro   0x000000000001176a      0x17b ./Core/Src/main.o
 .debug_macro   0x00000000000118e5       0x5c ./Core/Src/main.o
 .debug_macro   0x0000000000011941      0x447 ./Core/Src/main.o
 .debug_macro   0x0000000000011d88      0x9fe ./Core/Src/main.o
 .debug_macro   0x0000000000012786      0x116 ./Core/Src/main.o
 .debug_macro   0x000000000001289c      0x11b ./Core/Src/main.o
 .debug_macro   0x00000000000129b7       0xa5 ./Core/Src/main.o
 .debug_macro   0x0000000000012a5c      0x15f ./Core/Src/main.o
 .debug_macro   0x0000000000012bbb      0x287 ./Core/Src/main.o
 .debug_macro   0x0000000000012e42       0x5f ./Core/Src/main.o
 .debug_macro   0x0000000000012ea1      0x236 ./Core/Src/main.o
 .debug_macro   0x00000000000130d7      0x132 ./Core/Src/main.o
 .debug_macro   0x0000000000013209      0x264 ./Core/Src/main.o
 .debug_macro   0x000000000001346d       0x2e ./Core/Src/main.o
 .debug_macro   0x000000000001349b      0x1b5 ./Core/Src/main.o
 .debug_macro   0x0000000000013650       0x22 ./Core/Src/main.o
 .debug_macro   0x0000000000013672       0xd6 ./Core/Src/main.o
 .debug_macro   0x0000000000013748      0x11a ./Core/Src/main.o
 .debug_macro   0x0000000000013862       0x85 ./Core/Src/main.o
 .debug_macro   0x00000000000138e7       0x89 ./Core/Src/main.o
 .debug_macro   0x0000000000013970      0x8d1 ./Core/Src/main.o
 .debug_macro   0x0000000000014241       0x47 ./Core/Src/main.o
 .debug_macro   0x0000000000014288      0x295 ./Core/Src/main.o
 .debug_macro   0x000000000001451d      0x126 ./Core/Src/main.o
 .debug_macro   0x0000000000014643      0x130 ./Core/Src/main.o
 .debug_macro   0x0000000000014773      0x1f6 ./Core/Src/stm32f4xx_hal_msp.o
 .debug_macro   0x0000000000014969      0xaa8 ./Core/Src/stm32f4xx_hal_msp.o
 .debug_macro   0x0000000000015411     0x102d ./Core/Src/stm32f4xx_hal_msp.o
 .debug_macro   0x000000000001643e      0x174 ./Core/Src/stm32f4xx_hal_msp.o
 .debug_macro   0x00000000000165b2      0x200 ./Core/Src/stm32f4xx_it.o
 .debug_macro   0x00000000000167b2      0x1e7 ./Core/Src/system_stm32f4xx.o
 .debug_macro   0x0000000000016999      0x247 ./Drivers/STM32F4xx_HAL_Driver/Src/stm32f4xx_hal.o
 .debug_macro   0x0000000000016be0      0x1e7 ./Drivers/STM32F4xx_HAL_Driver/Src/stm32f4xx_hal_cortex.o
 .debug_macro   0x0000000000016dc7      0x1ed ./Drivers/STM32F4xx_HAL_Driver/Src/stm32f4xx_hal_dma.o
 .debug_macro   0x0000000000016fb4      0x1ed ./Drivers/STM32F4xx_HAL_Driver/Src/stm32f4xx_hal_gpio.o
 .debug_macro   0x00000000000171a1      0x22e ./Drivers/STM32F4xx_HAL_Driver/Src/stm32f4xx_hal_i2c.o
 .debug_macro   0x00000000000173cf      0x20b ./Drivers/STM32F4xx_HAL_Driver/Src/stm32f4xx_hal_rcc.o
 .debug_macro   0x00000000000175da      0x1e8 ./Drivers/STM32F4xx_HAL_Driver/Src/stm32f4xx_hal_tim.o
 .debug_macro   0x00000000000177c2      0x1e7 ./Drivers/STM32F4xx_HAL_Driver/Src/stm32f4xx_hal_tim_ex.o
 .debug_macro   0x00000000000179a9      0x1e8 ./Drivers/STM32F4xx_HAL_Driver/Src/stm32f4xx_hal_uart.o

.debug_line     0x0000000000000000    0x11b1e
 .debug_line    0x0000000000000000     0x1272 ./Core/Src/main.o
 .debug_line    0x0000000000001272      0x99b ./Core/Src/stm32f4xx_hal_msp.o
 .debug_line    0x0000000000001c0d      0x840 ./Core/Src/stm32f4xx_it.o
 .debug_line    0x000000000000244d      0x755 ./Core/Src/system_stm32f4xx.o
 .debug_line    0x0000000000002ba2       0x88 ./Core/Startup/startup_stm32f411vetx.o
 .debug_line    0x0000000000002c2a      0x9bb ./Drivers/STM32F4xx_HAL_Driver/Src/stm32f4xx_hal.o
 .debug_line    0x00000000000035e5      0xc6a ./Drivers/STM32F4xx_HAL_Driver/Src/stm32f4xx_hal_cortex.o
 .debug_line    0x000000000000424f      0xf20 ./Drivers/STM32F4xx_HAL_Driver/Src/stm32f4xx_hal_dma.o
 .debug_line    0x000000000000516f      0xaf5 ./Drivers/STM32F4xx_HAL_Driver/Src/stm32f4xx_hal_gpio.o
 .debug_line    0x0000000000005c64     0x3967 ./Drivers/STM32F4xx_HAL_Driver/Src/stm32f4xx_hal_i2c.o
 .debug_line    0x00000000000095cb      0xd35 ./Drivers/STM32F4xx_HAL_Driver/Src/stm32f4xx_hal_rcc.o
 .debug_line    0x000000000000a300     0x3489 ./Drivers/STM32F4xx_HAL_Driver/Src/stm32f4xx_hal_tim.o
 .debug_line    0x000000000000d789     0x1953 ./Drivers/STM32F4xx_HAL_Driver/Src/stm32f4xx_hal_tim_ex.o
 .debug_line    0x000000000000f0dc     0x2a42 ./Drivers/STM32F4xx_HAL_Driver/Src/stm32f4xx_hal_uart.o

.debug_str      0x0000000000000000    0x8d731
 .debug_str     0x0000000000000000    0x89fea ./Core/Src/main.o
                                      0x8a648 (size before relaxing)
 .debug_str     0x0000000000089fea      0x2b1 ./Core/Src/stm32f4xx_hal_msp.o
                                      0x89823 (size before relaxing)
 .debug_str     0x000000000008a29b      0x14a ./Core/Src/stm32f4xx_it.o
                                      0x88efb (size before relaxing)
 .debug_str     0x000000000008a3e5       0xaf ./Core/Src/system_stm32f4xx.o
                                      0x88495 (size before relaxing)
 .debug_str     0x000000000008a494       0x36 ./Core/Startup/startup_stm32f411vetx.o
                                         0x73 (size before relaxing)
 .debug_str     0x000000000008a4ca      0x57b ./Drivers/STM32F4xx_HAL_Driver/Src/stm32f4xx_hal.o
                                      0x88e1f (size before relaxing)
 .debug_str     0x000000000008aa45      0x38f ./Drivers/STM32F4xx_HAL_Driver/Src/stm32f4xx_hal_cortex.o
                                      0x88bfc (size before relaxing)
 .debug_str     0x000000000008add4      0x323 ./Drivers/STM32F4xx_HAL_Driver/Src/stm32f4xx_hal_dma.o
                                      0x888ad (size before relaxing)
 .debug_str     0x000000000008b0f7      0x151 ./Drivers/STM32F4xx_HAL_Driver/Src/stm32f4xx_hal_gpio.o
                                      0x8863c (size before relaxing)
 .debug_str     0x000000000008b248      0xab3 ./Drivers/STM32F4xx_HAL_Driver/Src/stm32f4xx_hal_i2c.o
                                      0x8940a (size before relaxing)
 .debug_str     0x000000000008bcfb      0x24e ./Drivers/STM32F4xx_HAL_Driver/Src/stm32f4xx_hal_rcc.o
                                      0x88897 (size before relaxing)
 .debug_str     0x000000000008bf49      0xcfe ./Drivers/STM32F4xx_HAL_Driver/Src/stm32f4xx_hal_tim.o
                                      0x897b2 (size before relaxing)
 .debug_str     0x000000000008cc47      0x4ee ./Drivers/STM32F4xx_HAL_Driver/Src/stm32f4xx_hal_tim_ex.o
                                      0x88f63 (size before relaxing)
 .debug_str     0x000000000008d135      0x5fc ./Drivers/STM32F4xx_HAL_Driver/Src/stm32f4xx_hal_uart.o
                                      0x88e0b (size before relaxing)

.comment        0x0000000000000000       0x53
 .comment       0x0000000000000000       0x53 ./Core/Src/main.o
                                         0x54 (size before relaxing)
 .comment       0x0000000000000053       0x54 ./Core/Src/stm32f4xx_hal_msp.o
 .comment       0x0000000000000053       0x54 ./Core/Src/stm32f4xx_it.o
 .comment       0x0000000000000053       0x54 ./Core/Src/system_stm32f4xx.o
 .comment       0x0000000000000053       0x54 ./Drivers/STM32F4xx_HAL_Driver/Src/stm32f4xx_hal.o
 .comment       0x0000000000000053       0x54 ./Drivers/STM32F4xx_HAL_Driver/Src/stm32f4xx_hal_cortex.o
 .comment       0x0000000000000053       0x54 ./Drivers/STM32F4xx_HAL_Driver/Src/stm32f4xx_hal_dma.o
 .comment       0x0000000000000053       0x54 ./Drivers/STM32F4xx_HAL_Driver/Src/stm32f4xx_hal_gpio.o
 .comment       0x0000000000000053       0x54 ./Drivers/STM32F4xx_HAL_Driver/Src/stm32f4xx_hal_i2c.o
 .comment       0x0000000000000053       0x54 ./Drivers/STM32F4xx_HAL_Driver/Src/stm32f4xx_hal_rcc.o
 .comment       0x0000000000000053       0x54 ./Drivers/STM32F4xx_HAL_Driver/Src/stm32f4xx_hal_tim.o
 .comment       0x0000000000000053       0x54 ./Drivers/STM32F4xx_HAL_Driver/Src/stm32f4xx_hal_tim_ex.o
 .comment       0x0000000000000053       0x54 ./Drivers/STM32F4xx_HAL_Driver/Src/stm32f4xx_hal_uart.o

.debug_frame    0x0000000000000000     0x4300
 .debug_frame   0x0000000000000000      0x3a8 ./Core/Src/main.o
 .debug_frame   0x00000000000003a8      0x17c ./Core/Src/stm32f4xx_hal_msp.o
 .debug_frame   0x0000000000000524      0x1c8 ./Core/Src/stm32f4xx_it.o
 .debug_frame   0x00000000000006ec       0x58 ./Core/Src/system_stm32f4xx.o
 .debug_frame   0x0000000000000744      0x374 ./Drivers/STM32F4xx_HAL_Driver/Src/stm32f4xx_hal.o
 .debug_frame   0x0000000000000ab8      0x498 ./Drivers/STM32F4xx_HAL_Driver/Src/stm32f4xx_hal_cortex.o
 .debug_frame   0x0000000000000f50      0x250 ./Drivers/STM32F4xx_HAL_Driver/Src/stm32f4xx_hal_dma.o
 .debug_frame   0x00000000000011a0      0x14c ./Drivers/STM32F4xx_HAL_Driver/Src/stm32f4xx_hal_gpio.o
 .debug_frame   0x00000000000012ec      0xc5c ./Drivers/STM32F4xx_HAL_Driver/Src/stm32f4xx_hal_i2c.o
 .debug_frame   0x0000000000001f48      0x1ec ./Drivers/STM32F4xx_HAL_Driver/Src/stm32f4xx_hal_rcc.o
 .debug_frame   0x0000000000002134     0x11bc ./Drivers/STM32F4xx_HAL_Driver/Src/stm32f4xx_hal_tim.o
 .debug_frame   0x00000000000032f0      0x638 ./Drivers/STM32F4xx_HAL_Driver/Src/stm32f4xx_hal_tim_ex.o
 .debug_frame   0x0000000000003928      0x92c ./Drivers/STM32F4xx_HAL_Driver/Src/stm32f4xx_hal_uart.o
 .debug_frame   0x0000000000004254       0x2c /opt/st/stm32cubeide_1.7.0/plugins/com.st.stm32cube.ide.mcu.externaltools.gnu-tools-for-stm32.9-2020-q2-update.linux64_2.0.0.202105311346/tools/bin/../lib/gcc/arm-none-eabi/9.3.1/../../../../arm-none-eabi/lib/thumb/v7e-m+fp/hard/libc_nano.a(lib_a-init.o)
 .debug_frame   0x0000000000004280       0x20 /opt/st/stm32cubeide_1.7.0/plugins/com.st.stm32cube.ide.mcu.externaltools.gnu-tools-for-stm32.9-2020-q2-update.linux64_2.0.0.202105311346/tools/bin/../lib/gcc/arm-none-eabi/9.3.1/../../../../arm-none-eabi/lib/thumb/v7e-m+fp/hard/libc_nano.a(lib_a-memset.o)
 .debug_frame   0x00000000000042a0       0x2c /opt/st/stm32cubeide_1.7.0/plugins/com.st.stm32cube.ide.mcu.externaltools.gnu-tools-for-stm32.9-2020-q2-update.linux64_2.0.0.202105311346/tools/bin/../lib/gcc/arm-none-eabi/9.3.1/thumb/v7e-m+fp/hard/libgcc.a(_aeabi_uldivmod.o)
 .debug_frame   0x00000000000042cc       0x34 /opt/st/stm32cubeide_1.7.0/plugins/com.st.stm32cube.ide.mcu.externaltools.gnu-tools-for-stm32.9-2020-q2-update.linux64_2.0.0.202105311346/tools/bin/../lib/gcc/arm-none-eabi/9.3.1/thumb/v7e-m+fp/hard/libgcc.a(_udivmoddi4.o)
