main.cpp:110:6:void HAL_TIM_IC_CaptureCallback(TIM_HandleTypeDef*)	16	static
main.cpp:190:2:Loco::Loco(TIM_HandleTypeDef*, uint32_t, GPIO_TypeDef*, uint16_t, TIM_HandleTypeDef*, uint32_t, uint16_t, GPIO_TypeDef*, uint16_t)	24	static
main.cpp:206:7:void Loco::forward()	16	static
main.cpp:213:7:void Loco::backward()	16	static
main.cpp:220:7:void Loco::left()	16	static
main.cpp:227:7:void Loco::right()	16	static
main.cpp:234:7:void Loco::stop()	16	static
main.cpp:244:6:void stepper()	8	static
main.cpp:254:6:void servo()	4	static
main.cpp:268:6:void passingMotor()	8	static
main.cpp:283:6:void laser()	8	static
main.cpp:299:6:void VerticalMotor(int)	16	static
main.cpp:329:5:int main()	96	static
main.cpp:548:6:void SystemClock_Config()	88	static
main.cpp:590:13:void MX_I2C2_Init()	8	static
main.cpp:622:13:void MX_TIM1_Init()	48	static
main.cpp:676:13:void MX_TIM2_Init()	48	static
main.cpp:729:13:void MX_TIM3_Init()	48	static
main.cpp:776:13:void MX_TIM4_Init()	48	static
main.cpp:835:13:void MX_TIM5_Init()	64	static
main.cpp:898:13:void MX_TIM9_Init()	24	static
main.cpp:933:13:void MX_TIM10_Init()	40	static
main.cpp:976:13:void MX_USART1_UART_Init()	8	static
main.cpp:1005:13:void MX_DMA_Init()	16	static
main.cpp:1022:13:void MX_GPIO_Init()	48	static
main.cpp:1098:6:void HAL_TIM_PeriodElapsedCallback(TIM_HandleTypeDef*)	16	static
main.cpp:1129:6:void Error_Handler()	4	static,ignoring_inline_asm
