main.c:122:6:HAL_TIM_IC_CaptureCallback	16	static
main.c:196:6:stepper	8	static
main.c:206:6:servo	4	static
main.c:220:6:passingMotor	8	static
main.c:236:6:laser	8	static
main.c:249:6:VerticalMotor	16	static
main.c:279:5:main	16	static
main.c:515:6:SystemClock_Config	88	static
main.c:560:13:MX_TIM1_Init	48	static
main.c:619:13:MX_TIM2_Init	48	static
main.c:677:13:MX_TIM3_Init	48	static
main.c:726:13:MX_TIM4_Init	48	static
main.c:787:13:MX_TIM5_Init	64	static
main.c:846:13:MX_TIM9_Init	24	static
main.c:884:13:MX_TIM10_Init	40	static
main.c:930:13:MX_USART1_UART_Init	8	static
main.c:961:13:MX_DMA_Init	16	static
main.c:979:13:MX_GPIO_Init	48	static
main.c:1049:6:HAL_TIM_PeriodElapsedCallback	16	static
main.c:1092:6:Error_Handler	4	static,ignoring_inline_asm
