stm32f4xx_it.c:76:6:NMI_Handler	4	static
stm32f4xx_it.c:91:6:HardFault_Handler	4	static
stm32f4xx_it.c:106:6:MemManage_Handler	4	static
stm32f4xx_it.c:121:6:BusFault_Handler	4	static
stm32f4xx_it.c:136:6:UsageFault_Handler	4	static
stm32f4xx_it.c:151:6:SVC_Handler	4	static
stm32f4xx_it.c:164:6:DebugMon_Handler	4	static
stm32f4xx_it.c:177:6:PendSV_Handler	4	static
stm32f4xx_it.c:190:6:SysTick_Handler	8	static
stm32f4xx_it.c:211:6:TIM1_BRK_TIM9_IRQHandler	8	static
stm32f4xx_it.c:226:6:TIM1_UP_TIM10_IRQHandler	8	static
stm32f4xx_it.c:241:6:TIM1_CC_IRQHandler	8	static
stm32f4xx_it.c:255:6:TIM2_IRQHandler	8	static
stm32f4xx_it.c:269:6:TIM4_IRQHandler	8	static
stm32f4xx_it.c:283:6:TIM5_IRQHandler	8	static
stm32f4xx_it.c:297:6:DMA2_Stream2_IRQHandler	8	static
