main.c:119:6:HAL_TIM_IC_CaptureCallback	16	static
main.c:193:6:stepper	8	static
main.c:203:6:servo	4	static
main.c:247:5:main	16	static
main.c:496:6:SystemClock_Config	88	static
main.c:541:13:MX_TIM1_Init	48	static
main.c:600:13:MX_TIM2_Init	48	static
main.c:658:13:MX_TIM3_Init	48	static
main.c:711:13:MX_TIM4_Init	48	static
main.c:772:13:MX_TIM5_Init	64	static
main.c:831:13:MX_TIM9_Init	24	static
main.c:869:13:MX_TIM10_Init	40	static
main.c:915:13:MX_USART1_UART_Init	8	static
main.c:946:13:MX_DMA_Init	16	static
main.c:964:13:MX_GPIO_Init	48	static
main.c:1024:6:HAL_TIM_PeriodElapsedCallback	16	static
main.c:1059:6:Error_Handler	4	static,ignoring_inline_asm
